7,15,21,63,80,80,92,102,108,119,124,159,160,168,174,177,186,186,187,187,221,237,259,261,272,278,278,284,308,347,355,363,373,380,400,411,415,427,430,454,463,503,510,512,516,517,518,518,534,541,544,546,550,550,554,559,573,595,605,616,622,626,629,640,655,670,670,673,676,682,687,706,731,733,753,759,761,763,792,794,815,817,825,830,835,836,844,844,859,864,872,882,891,911,941,951,951,957,981,981
